Component: ARM Compiler 5.06 update 5 (build 528) Tool: armlink [4d35e2]

==============================================================================

Section Cross References

    main.o(.text) refers to delay.o(.text) for delay_init
    main.o(.text) refers to misc.o(.text) for NVIC_PriorityGroupConfig
    main.o(.text) refers to gpio.o(.text) for gpio_Init
    main.o(.text) refers to g_usart.o(.text) for uart_init
    main.o(.text) refers to stmflash.o(.text) for flash_init
    main.o(.text) refers to rs_xx.o(.text) for RS_SOIL_N01GetData
    main.o(.text) refers to rs_xx.o(.data) for soil_wd
    main.o(.text) refers to rs_xx.o(.bss) for RS_SOIL_Buff
    system_stm32f10x.o(.text) refers to system_stm32f10x.o(.data) for SystemCoreClock
    g_485.o(.text) refers to stm32f10x_usart.o(.text) for USART_GetFlagStatus
    g_485.o(.text) refers to stm32f10x_gpio.o(.text) for GPIO_SetBits
    g_485.o(.text) refers to delay.o(.text) for delay_ms
    g_usart.o(.text) refers to stm32f10x_rcc.o(.text) for RCC_APB2PeriphClockCmd
    g_usart.o(.text) refers to stm32f10x_gpio.o(.text) for GPIO_Init
    g_usart.o(.text) refers to misc.o(.text) for NVIC_Init
    g_usart.o(.text) refers to stm32f10x_usart.o(.text) for USART_Init
    g_usart.o(.text) refers to rs_xx.o(.text) for dtu_get
    g_usart.o(.text) refers to g_usart.o(.data) for g_HaveUSARTConfigured
    rs_xx.o(.text) refers to g_485.o(.text) for USART_485_SendBytes
    rs_xx.o(.text) refers to delay.o(.text) for delay_ms
    rs_xx.o(.text) refers to stm32f10x_usart.o(.text) for USART_GetITStatus
    rs_xx.o(.text) refers to stmflash.o(.text) for flash_485_write
    rs_xx.o(.text) refers to rs_xx.o(.bss) for RS_QY_Buff
    rs_xx.o(.text) refers to rs_xx.o(.data) for receiveIndex
    rs_xx.o(.text) refers to stmflash.o(.data) for base_id
    gpio.o(.text) refers to stm32f10x_rcc.o(.text) for RCC_APB2PeriphClockCmd
    gpio.o(.text) refers to stm32f10x_gpio.o(.text) for GPIO_Init
    stmflash.o(.text) refers to stm32f10x_flash.o(.text) for FLASH_ProgramHalfWord
    stmflash.o(.text) refers to g_485.o(.text) for USART_485_SendBytes
    stmflash.o(.text) refers to stmflash.o(.data) for base_id
    stmflash.o(.text) refers to stmflash.o(.bss) for STMFLASH_BUF
    stmflash.o(.text) refers to rs_xx.o(.data) for set_mode
    delay.o(.text) refers to misc.o(.text) for SysTick_CLKSourceConfig
    delay.o(.text) refers to system_stm32f10x.o(.data) for SystemCoreClock
    delay.o(.text) refers to delay.o(.data) for fac_us
    startup_stm32f10x_hd.o(RESET) refers to startup_stm32f10x_hd.o(STACK) for __initial_sp
    startup_stm32f10x_hd.o(RESET) refers to startup_stm32f10x_hd.o(.text) for Reset_Handler
    startup_stm32f10x_hd.o(RESET) refers to stm32f10x_it.o(.text) for NMI_Handler
    startup_stm32f10x_hd.o(RESET) refers to g_usart.o(.text) for USART1_IRQHandler
    startup_stm32f10x_hd.o(.text) refers to system_stm32f10x.o(.text) for SystemInit
    startup_stm32f10x_hd.o(.text) refers to entry.o(.ARM.Collect$$$$00000000) for __main
    stm32f10x_gpio.o(.text) refers to stm32f10x_rcc.o(.text) for RCC_APB2PeriphResetCmd
    stm32f10x_rcc.o(.text) refers to stm32f10x_rcc.o(.data) for APBAHBPrescTable
    stm32f10x_usart.o(.text) refers to stm32f10x_rcc.o(.text) for RCC_APB2PeriphResetCmd
    entry.o(.ARM.Collect$$$$00000000) refers (Special) to entry10a.o(.ARM.Collect$$$$0000000D) for __rt_final_cpp
    entry.o(.ARM.Collect$$$$00000000) refers (Special) to entry11a.o(.ARM.Collect$$$$0000000F) for __rt_final_exit
    entry.o(.ARM.Collect$$$$00000000) refers (Special) to entry7b.o(.ARM.Collect$$$$00000008) for _main_clock
    entry.o(.ARM.Collect$$$$00000000) refers (Special) to entry8b.o(.ARM.Collect$$$$0000000A) for _main_cpp_init
    entry.o(.ARM.Collect$$$$00000000) refers (Special) to entry9a.o(.ARM.Collect$$$$0000000B) for _main_init
    entry.o(.ARM.Collect$$$$00000000) refers (Special) to entry5.o(.ARM.Collect$$$$00000004) for _main_scatterload
    entry.o(.ARM.Collect$$$$00000000) refers (Special) to entry2.o(.ARM.Collect$$$$00000001) for _main_stk
    entry2.o(.ARM.Collect$$$$00000001) refers to entry2.o(.ARM.Collect$$$$00002712) for __lit__00000000
    entry2.o(.ARM.Collect$$$$00002712) refers to startup_stm32f10x_hd.o(STACK) for __initial_sp
    entry2.o(__vectab_stack_and_reset_area) refers to startup_stm32f10x_hd.o(STACK) for __initial_sp
    entry2.o(__vectab_stack_and_reset_area) refers to entry.o(.ARM.Collect$$$$00000000) for __main
    entry5.o(.ARM.Collect$$$$00000004) refers to init.o(.text) for __scatterload
    entry9a.o(.ARM.Collect$$$$0000000B) refers to main.o(.text) for main
    entry9b.o(.ARM.Collect$$$$0000000C) refers to main.o(.text) for main
    init.o(.text) refers to entry5.o(.ARM.Collect$$$$00000004) for __main_after_scatterload


==============================================================================

Removing Unused input sections from the image.

    Removing sys.o(.emb_text), (6 bytes).
    Removing sys.o(.text), (12 bytes).
    Removing core_cm3.o(.emb_text), (32 bytes).
    Removing startup_stm32f10x_hd.o(HEAP), (512 bytes).

4 unused section(s) (total 562 bytes) removed from the image.

==============================================================================

Image Symbol Table

    Local Symbols

    Symbol Name                              Value     Ov Type        Size  Object(Section)

    ../clib/microlib/init/entry.s            0x00000000   Number         0  entry.o ABSOLUTE
    ../clib/microlib/init/entry.s            0x00000000   Number         0  entry10a.o ABSOLUTE
    ../clib/microlib/init/entry.s            0x00000000   Number         0  entry11b.o ABSOLUTE
    ../clib/microlib/init/entry.s            0x00000000   Number         0  entry11a.o ABSOLUTE
    ../clib/microlib/init/entry.s            0x00000000   Number         0  entry10b.o ABSOLUTE
    ../clib/microlib/init/entry.s            0x00000000   Number         0  entry9b.o ABSOLUTE
    ../clib/microlib/init/entry.s            0x00000000   Number         0  entry9a.o ABSOLUTE
    ../clib/microlib/init/entry.s            0x00000000   Number         0  entry8b.o ABSOLUTE
    ../clib/microlib/init/entry.s            0x00000000   Number         0  entry8a.o ABSOLUTE
    ../clib/microlib/init/entry.s            0x00000000   Number         0  entry7b.o ABSOLUTE
    ../clib/microlib/init/entry.s            0x00000000   Number         0  entry7a.o ABSOLUTE
    ../clib/microlib/init/entry.s            0x00000000   Number         0  entry5.o ABSOLUTE
    ../clib/microlib/init/entry.s            0x00000000   Number         0  entry2.o ABSOLUTE
    ..\CORE\core_cm3.c                       0x00000000   Number         0  core_cm3.o ABSOLUTE
    ..\CORE\startup_stm32f10x_hd.s           0x00000000   Number         0  startup_stm32f10x_hd.o ABSOLUTE
    ..\HARDWARE\LED\gpio.c                   0x00000000   Number         0  gpio.o ABSOLUTE
    ..\HARDWARE\STMFLASH\stmflash.c          0x00000000   Number         0  stmflash.o ABSOLUTE
    ..\HARDWARE\modbus485\G_485.c            0x00000000   Number         0  g_485.o ABSOLUTE
    ..\HARDWARE\modbus485\G_USART.c          0x00000000   Number         0  g_usart.o ABSOLUTE
    ..\HARDWARE\modbus485\RS_XX.c            0x00000000   Number         0  rs_xx.o ABSOLUTE
    ..\STM32F10x_FWLib\src\misc.c            0x00000000   Number         0  misc.o ABSOLUTE
    ..\STM32F10x_FWLib\src\stm32f10x_flash.c 0x00000000   Number         0  stm32f10x_flash.o ABSOLUTE
    ..\STM32F10x_FWLib\src\stm32f10x_gpio.c  0x00000000   Number         0  stm32f10x_gpio.o ABSOLUTE
    ..\STM32F10x_FWLib\src\stm32f10x_rcc.c   0x00000000   Number         0  stm32f10x_rcc.o ABSOLUTE
    ..\STM32F10x_FWLib\src\stm32f10x_usart.c 0x00000000   Number         0  stm32f10x_usart.o ABSOLUTE
    ..\SYSTEM\delay\delay.c                  0x00000000   Number         0  delay.o ABSOLUTE
    ..\SYSTEM\sys\sys.c                      0x00000000   Number         0  sys.o ABSOLUTE
    ..\\CORE\\core_cm3.c                     0x00000000   Number         0  core_cm3.o ABSOLUTE
    ..\\SYSTEM\\sys\\sys.c                   0x00000000   Number         0  sys.o ABSOLUTE
    dc.s                                     0x00000000   Number         0  dc.o ABSOLUTE
    handlers.s                               0x00000000   Number         0  handlers.o ABSOLUTE
    init.s                                   0x00000000   Number         0  init.o ABSOLUTE
    main.c                                   0x00000000   Number         0  main.o ABSOLUTE
    stm32f10x_it.c                           0x00000000   Number         0  stm32f10x_it.o ABSOLUTE
    system_stm32f10x.c                       0x00000000   Number         0  system_stm32f10x.o ABSOLUTE
    RESET                                    0x08000000   Section      304  startup_stm32f10x_hd.o(RESET)
    .ARM.Collect$$$$00000000                 0x08000130   Section        0  entry.o(.ARM.Collect$$$$00000000)
    .ARM.Collect$$$$00000001                 0x08000130   Section        4  entry2.o(.ARM.Collect$$$$00000001)
    .ARM.Collect$$$$00000004                 0x08000134   Section        4  entry5.o(.ARM.Collect$$$$00000004)
    .ARM.Collect$$$$00000008                 0x08000138   Section        0  entry7b.o(.ARM.Collect$$$$00000008)
    .ARM.Collect$$$$0000000A                 0x08000138   Section        0  entry8b.o(.ARM.Collect$$$$0000000A)
    .ARM.Collect$$$$0000000B                 0x08000138   Section        8  entry9a.o(.ARM.Collect$$$$0000000B)
    .ARM.Collect$$$$0000000D                 0x08000140   Section        0  entry10a.o(.ARM.Collect$$$$0000000D)
    .ARM.Collect$$$$0000000F                 0x08000140   Section        0  entry11a.o(.ARM.Collect$$$$0000000F)
    .ARM.Collect$$$$00002712                 0x08000140   Section        4  entry2.o(.ARM.Collect$$$$00002712)
    __lit__00000000                          0x08000140   Data           4  entry2.o(.ARM.Collect$$$$00002712)
    .text                                    0x08000144   Section        0  main.o(.text)
    .text                                    0x080002c0   Section        0  stm32f10x_it.o(.text)
    .text                                    0x080002dc   Section        0  system_stm32f10x.o(.text)
    SetSysClockTo72                          0x080002dd   Thumb Code   214  system_stm32f10x.o(.text)
    SetSysClock                              0x080003b3   Thumb Code     8  system_stm32f10x.o(.text)
    .text                                    0x080004bc   Section        0  g_485.o(.text)
    .text                                    0x0800053c   Section        0  g_usart.o(.text)
    .text                                    0x08000744   Section        0  rs_xx.o(.text)
    CRC_Check                                0x08000745   Thumb Code    66  rs_xx.o(.text)
    RS_XX_Send                               0x08000787   Thumb Code    80  rs_xx.o(.text)
    RS_XX_GetData                            0x080007e9   Thumb Code    22  rs_xx.o(.text)
    .text                                    0x08000e00   Section        0  gpio.o(.text)
    .text                                    0x08000e90   Section        0  stmflash.o(.text)
    .text                                    0x080010bc   Section        0  delay.o(.text)
    .text                                    0x08001190   Section       36  startup_stm32f10x_hd.o(.text)
    .text                                    0x080011b4   Section        0  stm32f10x_gpio.o(.text)
    .text                                    0x08001510   Section        0  stm32f10x_rcc.o(.text)
    .text                                    0x080018b4   Section        0  stm32f10x_usart.o(.text)
    .text                                    0x08001cbc   Section        0  misc.o(.text)
    .text                                    0x08001d98   Section        0  stm32f10x_flash.o(.text)
    .text                                    0x08002354   Section       36  init.o(.text)
    i.__scatterload_copy                     0x08002378   Section       14  handlers.o(i.__scatterload_copy)
    i.__scatterload_null                     0x08002386   Section        2  handlers.o(i.__scatterload_null)
    i.__scatterload_zeroinit                 0x08002388   Section       14  handlers.o(i.__scatterload_zeroinit)
    .data                                    0x20000000   Section       20  system_stm32f10x.o(.data)
    .data                                    0x20000014   Section        7  g_usart.o(.data)
    .data                                    0x2000001c   Section       56  rs_xx.o(.data)
    receiveIndex                             0x2000003c   Data           1  rs_xx.o(.data)
    dataCount                                0x2000003d   Data           1  rs_xx.o(.data)
    datalength                               0x2000003e   Data           1  rs_xx.o(.data)
    hight8_crc                               0x20000040   Data           2  rs_xx.o(.data)
    pRS_XX_Buff                              0x20000044   Data           4  rs_xx.o(.data)
    receiveIndex                             0x20000048   Data           1  rs_xx.o(.data)
    reg_start                                0x20000049   Data           1  rs_xx.o(.data)
    reg_end                                  0x2000004a   Data           1  rs_xx.o(.data)
    regl_start                               0x2000004b   Data           1  rs_xx.o(.data)
    regl_end                                 0x2000004c   Data           1  rs_xx.o(.data)
    hight8_crc                               0x2000004e   Data           2  rs_xx.o(.data)
    pget                                     0x20000050   Data           4  rs_xx.o(.data)
    .data                                    0x20000054   Section        6  stmflash.o(.data)
    .data                                    0x2000005a   Section        4  delay.o(.data)
    fac_us                                   0x2000005a   Data           1  delay.o(.data)
    fac_ms                                   0x2000005c   Data           2  delay.o(.data)
    .data                                    0x2000005e   Section       20  stm32f10x_rcc.o(.data)
    APBAHBPrescTable                         0x2000005e   Data          16  stm32f10x_rcc.o(.data)
    ADCPrescTable                            0x2000006e   Data           4  stm32f10x_rcc.o(.data)
    .bss                                     0x20000074   Section      434  rs_xx.o(.bss)
    .bss                                     0x20000226   Section     2048  stmflash.o(.bss)
    STACK                                    0x20000a28   Section     1024  startup_stm32f10x_hd.o(STACK)

    Global Symbols

    Symbol Name                              Value     Ov Type        Size  Object(Section)

    BuildAttributes$$THM_ISAv4$P$D$K$B$S$PE$A:L22UL41UL21$X:L11$S22US41US21$IEEE1$IW$USESV6$~STKCKD$USESV7$~SHL$OSPACE$EBA8$MICROLIB$REQ8$PRES8$EABIv2 0x00000000   Number         0  anon$$obj.o ABSOLUTE
    __ARM_use_no_argv                        0x00000000   Number         0  main.o ABSOLUTE
    __cpp_initialize__aeabi_                  - Undefined Weak Reference
    __cxa_finalize                            - Undefined Weak Reference
    __decompress                              - Undefined Weak Reference
    _clock_init                               - Undefined Weak Reference
    _microlib_exit                            - Undefined Weak Reference
    __Vectors_Size                           0x00000130   Number         0  startup_stm32f10x_hd.o ABSOLUTE
    __Vectors                                0x08000000   Data           4  startup_stm32f10x_hd.o(RESET)
    __Vectors_End                            0x08000130   Data           0  startup_stm32f10x_hd.o(RESET)
    __main                                   0x08000131   Thumb Code     0  entry.o(.ARM.Collect$$$$00000000)
    _main_stk                                0x08000131   Thumb Code     0  entry2.o(.ARM.Collect$$$$00000001)
    _main_scatterload                        0x08000135   Thumb Code     0  entry5.o(.ARM.Collect$$$$00000004)
    __main_after_scatterload                 0x08000139   Thumb Code     0  entry5.o(.ARM.Collect$$$$00000004)
    _main_clock                              0x08000139   Thumb Code     0  entry7b.o(.ARM.Collect$$$$00000008)
    _main_cpp_init                           0x08000139   Thumb Code     0  entry8b.o(.ARM.Collect$$$$0000000A)
    _main_init                               0x08000139   Thumb Code     0  entry9a.o(.ARM.Collect$$$$0000000B)
    __rt_final_cpp                           0x08000141   Thumb Code     0  entry10a.o(.ARM.Collect$$$$0000000D)
    __rt_final_exit                          0x08000141   Thumb Code     0  entry11a.o(.ARM.Collect$$$$0000000F)
    main                                     0x08000145   Thumb Code   318  main.o(.text)
    NMI_Handler                              0x080002c1   Thumb Code     2  stm32f10x_it.o(.text)
    HardFault_Handler                        0x080002c3   Thumb Code     4  stm32f10x_it.o(.text)
    MemManage_Handler                        0x080002c7   Thumb Code     4  stm32f10x_it.o(.text)
    BusFault_Handler                         0x080002cb   Thumb Code     4  stm32f10x_it.o(.text)
    UsageFault_Handler                       0x080002cf   Thumb Code     4  stm32f10x_it.o(.text)
    SVC_Handler                              0x080002d3   Thumb Code     2  stm32f10x_it.o(.text)
    DebugMon_Handler                         0x080002d5   Thumb Code     2  stm32f10x_it.o(.text)
    PendSV_Handler                           0x080002d7   Thumb Code     2  stm32f10x_it.o(.text)
    SysTick_Handler                          0x080002d9   Thumb Code     2  stm32f10x_it.o(.text)
    SystemInit                               0x080003bb   Thumb Code    78  system_stm32f10x.o(.text)
    SystemCoreClockUpdate                    0x08000409   Thumb Code   142  system_stm32f10x.o(.text)
    USART_485_SendBytes                      0x080004bd   Thumb Code   116  g_485.o(.text)
    uart_init                                0x0800053d   Thumb Code   380  g_usart.o(.text)
    USART_SendByte                           0x080006b9   Thumb Code    90  g_usart.o(.text)
    USART1_IRQHandler                        0x08000713   Thumb Code     8  g_usart.o(.text)
    USART2_IRQHandler                        0x0800071b   Thumb Code     8  g_usart.o(.text)
    RS_QY_N01_SendGet                        0x080007d7   Thumb Code    18  rs_xx.o(.text)
    RS_QY_N01GetData                         0x080007ff   Thumb Code    34  rs_xx.o(.text)
    RS_CO2_N01_SendGet                       0x08000821   Thumb Code    18  rs_xx.o(.text)
    RS_CO2_N01GetData                        0x08000833   Thumb Code    34  rs_xx.o(.text)
    RS_GWS_M_SendGet                         0x08000855   Thumb Code    18  rs_xx.o(.text)
    RS_GWS_N01GetData                        0x08000867   Thumb Code    34  rs_xx.o(.text)
    RS_SOIL_N01_SendGet                      0x08000889   Thumb Code    18  rs_xx.o(.text)
    RS_SOIL_N01GetData                       0x0800089b   Thumb Code    34  rs_xx.o(.text)
    RS_YTMP_N01_SendGet                      0x080008bd   Thumb Code    18  rs_xx.o(.text)
    RS_YTMP_N01GetData                       0x080008cf   Thumb Code    34  rs_xx.o(.text)
    RS_XX_Irq                                0x080008f1   Thumb Code   514  rs_xx.o(.text)
    dtu_send                                 0x08000af3   Thumb Code    96  rs_xx.o(.text)
    dtu_get                                  0x08000b53   Thumb Code   642  rs_xx.o(.text)
    gpio_Init                                0x08000e01   Thumb Code   132  gpio.o(.text)
    STMFLASH_ReadHalfWord                    0x08000e91   Thumb Code     6  stmflash.o(.text)
    STMFLASH_Read                            0x08000e97   Thumb Code    34  stmflash.o(.text)
    flash_init                               0x08000eb9   Thumb Code    26  stmflash.o(.text)
    STMFLASH_Write_NoCheck                   0x08000ed3   Thumb Code    38  stmflash.o(.text)
    STMFLASH_Write                           0x08000ef9   Thumb Code   222  stmflash.o(.text)
    flash_485_write                          0x08000fd7   Thumb Code   184  stmflash.o(.text)
    Test_Write                               0x0800108f   Thumb Code    16  stmflash.o(.text)
    delay_init                               0x080010bd   Thumb Code    50  delay.o(.text)
    delay_us                                 0x080010ef   Thumb Code    72  delay.o(.text)
    delay_ms                                 0x08001137   Thumb Code    72  delay.o(.text)
    Reset_Handler                            0x08001191   Thumb Code     8  startup_stm32f10x_hd.o(.text)
    ADC1_2_IRQHandler                        0x080011ab   Thumb Code     0  startup_stm32f10x_hd.o(.text)
    ADC3_IRQHandler                          0x080011ab   Thumb Code     0  startup_stm32f10x_hd.o(.text)
    CAN1_RX1_IRQHandler                      0x080011ab   Thumb Code     0  startup_stm32f10x_hd.o(.text)
    CAN1_SCE_IRQHandler                      0x080011ab   Thumb Code     0  startup_stm32f10x_hd.o(.text)
    DMA1_Channel1_IRQHandler                 0x080011ab   Thumb Code     0  startup_stm32f10x_hd.o(.text)
    DMA1_Channel2_IRQHandler                 0x080011ab   Thumb Code     0  startup_stm32f10x_hd.o(.text)
    DMA1_Channel3_IRQHandler                 0x080011ab   Thumb Code     0  startup_stm32f10x_hd.o(.text)
    DMA1_Channel4_IRQHandler                 0x080011ab   Thumb Code     0  startup_stm32f10x_hd.o(.text)
    DMA1_Channel5_IRQHandler                 0x080011ab   Thumb Code     0  startup_stm32f10x_hd.o(.text)
    DMA1_Channel6_IRQHandler                 0x080011ab   Thumb Code     0  startup_stm32f10x_hd.o(.text)
    DMA1_Channel7_IRQHandler                 0x080011ab   Thumb Code     0  startup_stm32f10x_hd.o(.text)
    DMA2_Channel1_IRQHandler                 0x080011ab   Thumb Code     0  startup_stm32f10x_hd.o(.text)
    DMA2_Channel2_IRQHandler                 0x080011ab   Thumb Code     0  startup_stm32f10x_hd.o(.text)
    DMA2_Channel3_IRQHandler                 0x080011ab   Thumb Code     0  startup_stm32f10x_hd.o(.text)
    DMA2_Channel4_5_IRQHandler               0x080011ab   Thumb Code     0  startup_stm32f10x_hd.o(.text)
    EXTI0_IRQHandler                         0x080011ab   Thumb Code     0  startup_stm32f10x_hd.o(.text)
    EXTI15_10_IRQHandler                     0x080011ab   Thumb Code     0  startup_stm32f10x_hd.o(.text)
    EXTI1_IRQHandler                         0x080011ab   Thumb Code     0  startup_stm32f10x_hd.o(.text)
    EXTI2_IRQHandler                         0x080011ab   Thumb Code     0  startup_stm32f10x_hd.o(.text)
    EXTI3_IRQHandler                         0x080011ab   Thumb Code     0  startup_stm32f10x_hd.o(.text)
    EXTI4_IRQHandler                         0x080011ab   Thumb Code     0  startup_stm32f10x_hd.o(.text)
    EXTI9_5_IRQHandler                       0x080011ab   Thumb Code     0  startup_stm32f10x_hd.o(.text)
    FLASH_IRQHandler                         0x080011ab   Thumb Code     0  startup_stm32f10x_hd.o(.text)
    FSMC_IRQHandler                          0x080011ab   Thumb Code     0  startup_stm32f10x_hd.o(.text)
    I2C1_ER_IRQHandler                       0x080011ab   Thumb Code     0  startup_stm32f10x_hd.o(.text)
    I2C1_EV_IRQHandler                       0x080011ab   Thumb Code     0  startup_stm32f10x_hd.o(.text)
    I2C2_ER_IRQHandler                       0x080011ab   Thumb Code     0  startup_stm32f10x_hd.o(.text)
    I2C2_EV_IRQHandler                       0x080011ab   Thumb Code     0  startup_stm32f10x_hd.o(.text)
    PVD_IRQHandler                           0x080011ab   Thumb Code     0  startup_stm32f10x_hd.o(.text)
    RCC_IRQHandler                           0x080011ab   Thumb Code     0  startup_stm32f10x_hd.o(.text)
    RTCAlarm_IRQHandler                      0x080011ab   Thumb Code     0  startup_stm32f10x_hd.o(.text)
    RTC_IRQHandler                           0x080011ab   Thumb Code     0  startup_stm32f10x_hd.o(.text)
    SDIO_IRQHandler                          0x080011ab   Thumb Code     0  startup_stm32f10x_hd.o(.text)
    SPI1_IRQHandler                          0x080011ab   Thumb Code     0  startup_stm32f10x_hd.o(.text)
    SPI2_IRQHandler                          0x080011ab   Thumb Code     0  startup_stm32f10x_hd.o(.text)
    SPI3_IRQHandler                          0x080011ab   Thumb Code     0  startup_stm32f10x_hd.o(.text)
    TAMPER_IRQHandler                        0x080011ab   Thumb Code     0  startup_stm32f10x_hd.o(.text)
    TIM1_BRK_IRQHandler                      0x080011ab   Thumb Code     0  startup_stm32f10x_hd.o(.text)
    TIM1_CC_IRQHandler                       0x080011ab   Thumb Code     0  startup_stm32f10x_hd.o(.text)
    TIM1_TRG_COM_IRQHandler                  0x080011ab   Thumb Code     0  startup_stm32f10x_hd.o(.text)
    TIM1_UP_IRQHandler                       0x080011ab   Thumb Code     0  startup_stm32f10x_hd.o(.text)
    TIM2_IRQHandler                          0x080011ab   Thumb Code     0  startup_stm32f10x_hd.o(.text)
    TIM3_IRQHandler                          0x080011ab   Thumb Code     0  startup_stm32f10x_hd.o(.text)
    TIM4_IRQHandler                          0x080011ab   Thumb Code     0  startup_stm32f10x_hd.o(.text)
    TIM5_IRQHandler                          0x080011ab   Thumb Code     0  startup_stm32f10x_hd.o(.text)
    TIM6_IRQHandler                          0x080011ab   Thumb Code     0  startup_stm32f10x_hd.o(.text)
    TIM7_IRQHandler                          0x080011ab   Thumb Code     0  startup_stm32f10x_hd.o(.text)
    TIM8_BRK_IRQHandler                      0x080011ab   Thumb Code     0  startup_stm32f10x_hd.o(.text)
    TIM8_CC_IRQHandler                       0x080011ab   Thumb Code     0  startup_stm32f10x_hd.o(.text)
    TIM8_TRG_COM_IRQHandler                  0x080011ab   Thumb Code     0  startup_stm32f10x_hd.o(.text)
    TIM8_UP_IRQHandler                       0x080011ab   Thumb Code     0  startup_stm32f10x_hd.o(.text)
    UART4_IRQHandler                         0x080011ab   Thumb Code     0  startup_stm32f10x_hd.o(.text)
    UART5_IRQHandler                         0x080011ab   Thumb Code     0  startup_stm32f10x_hd.o(.text)
    USART3_IRQHandler                        0x080011ab   Thumb Code     0  startup_stm32f10x_hd.o(.text)
    USBWakeUp_IRQHandler                     0x080011ab   Thumb Code     0  startup_stm32f10x_hd.o(.text)
    USB_HP_CAN1_TX_IRQHandler                0x080011ab   Thumb Code     0  startup_stm32f10x_hd.o(.text)
    USB_LP_CAN1_RX0_IRQHandler               0x080011ab   Thumb Code     0  startup_stm32f10x_hd.o(.text)
    WWDG_IRQHandler                          0x080011ab   Thumb Code     0  startup_stm32f10x_hd.o(.text)
    GPIO_DeInit                              0x080011b5   Thumb Code   172  stm32f10x_gpio.o(.text)
    GPIO_AFIODeInit                          0x08001261   Thumb Code    20  stm32f10x_gpio.o(.text)
    GPIO_Init                                0x08001275   Thumb Code   278  stm32f10x_gpio.o(.text)
    GPIO_StructInit                          0x0800138b   Thumb Code    16  stm32f10x_gpio.o(.text)
    GPIO_ReadInputDataBit                    0x0800139b   Thumb Code    18  stm32f10x_gpio.o(.text)
    GPIO_ReadInputData                       0x080013ad   Thumb Code     8  stm32f10x_gpio.o(.text)
    GPIO_ReadOutputDataBit                   0x080013b5   Thumb Code    18  stm32f10x_gpio.o(.text)
    GPIO_ReadOutputData                      0x080013c7   Thumb Code     8  stm32f10x_gpio.o(.text)
    GPIO_SetBits                             0x080013cf   Thumb Code     4  stm32f10x_gpio.o(.text)
    GPIO_ResetBits                           0x080013d3   Thumb Code     4  stm32f10x_gpio.o(.text)
    GPIO_WriteBit                            0x080013d7   Thumb Code    10  stm32f10x_gpio.o(.text)
    GPIO_Write                               0x080013e1   Thumb Code     4  stm32f10x_gpio.o(.text)
    GPIO_PinLockConfig                       0x080013e5   Thumb Code    18  stm32f10x_gpio.o(.text)
    GPIO_EventOutputConfig                   0x080013f7   Thumb Code    26  stm32f10x_gpio.o(.text)
    GPIO_EventOutputCmd                      0x08001411   Thumb Code     6  stm32f10x_gpio.o(.text)
    GPIO_PinRemapConfig                      0x08001417   Thumb Code   138  stm32f10x_gpio.o(.text)
    GPIO_EXTILineConfig                      0x080014a1   Thumb Code    66  stm32f10x_gpio.o(.text)
    GPIO_ETH_MediaInterfaceConfig            0x080014e3   Thumb Code     8  stm32f10x_gpio.o(.text)
    RCC_DeInit                               0x08001511   Thumb Code    64  stm32f10x_rcc.o(.text)
    RCC_HSEConfig                            0x08001551   Thumb Code    70  stm32f10x_rcc.o(.text)
    RCC_GetFlagStatus                        0x08001597   Thumb Code    56  stm32f10x_rcc.o(.text)
    RCC_WaitForHSEStartUp                    0x080015cf   Thumb Code    56  stm32f10x_rcc.o(.text)
    RCC_AdjustHSICalibrationValue            0x08001607   Thumb Code    20  stm32f10x_rcc.o(.text)
    RCC_HSICmd                               0x0800161b   Thumb Code     6  stm32f10x_rcc.o(.text)
    RCC_PLLConfig                            0x08001621   Thumb Code    24  stm32f10x_rcc.o(.text)
    RCC_PLLCmd                               0x08001639   Thumb Code     6  stm32f10x_rcc.o(.text)
    RCC_SYSCLKConfig                         0x0800163f   Thumb Code    18  stm32f10x_rcc.o(.text)
    RCC_GetSYSCLKSource                      0x08001651   Thumb Code    10  stm32f10x_rcc.o(.text)
    RCC_HCLKConfig                           0x0800165b   Thumb Code    18  stm32f10x_rcc.o(.text)
    RCC_PCLK1Config                          0x0800166d   Thumb Code    18  stm32f10x_rcc.o(.text)
    RCC_PCLK2Config                          0x0800167f   Thumb Code    20  stm32f10x_rcc.o(.text)
    RCC_ITConfig                             0x08001693   Thumb Code    26  stm32f10x_rcc.o(.text)
    RCC_USBCLKConfig                         0x080016ad   Thumb Code     8  stm32f10x_rcc.o(.text)
    RCC_ADCCLKConfig                         0x080016b5   Thumb Code    18  stm32f10x_rcc.o(.text)
    RCC_LSEConfig                            0x080016c7   Thumb Code    50  stm32f10x_rcc.o(.text)
    RCC_LSICmd                               0x080016f9   Thumb Code     6  stm32f10x_rcc.o(.text)
    RCC_RTCCLKConfig                         0x080016ff   Thumb Code    12  stm32f10x_rcc.o(.text)
    RCC_RTCCLKCmd                            0x0800170b   Thumb Code     8  stm32f10x_rcc.o(.text)
    RCC_GetClocksFreq                        0x08001713   Thumb Code   192  stm32f10x_rcc.o(.text)
    RCC_AHBPeriphClockCmd                    0x080017d3   Thumb Code    26  stm32f10x_rcc.o(.text)
    RCC_APB2PeriphClockCmd                   0x080017ed   Thumb Code    26  stm32f10x_rcc.o(.text)
    RCC_APB1PeriphClockCmd                   0x08001807   Thumb Code    26  stm32f10x_rcc.o(.text)
    RCC_APB2PeriphResetCmd                   0x08001821   Thumb Code    26  stm32f10x_rcc.o(.text)
    RCC_APB1PeriphResetCmd                   0x0800183b   Thumb Code    26  stm32f10x_rcc.o(.text)
    RCC_BackupResetCmd                       0x08001855   Thumb Code     8  stm32f10x_rcc.o(.text)
    RCC_ClockSecuritySystemCmd               0x0800185d   Thumb Code     6  stm32f10x_rcc.o(.text)
    RCC_MCOConfig                            0x08001863   Thumb Code     6  stm32f10x_rcc.o(.text)
    RCC_ClearFlag                            0x08001869   Thumb Code    14  stm32f10x_rcc.o(.text)
    RCC_GetITStatus                          0x08001877   Thumb Code    20  stm32f10x_rcc.o(.text)
    RCC_ClearITPendingBit                    0x0800188b   Thumb Code     6  stm32f10x_rcc.o(.text)
    USART_DeInit                             0x080018b5   Thumb Code   134  stm32f10x_usart.o(.text)
    USART_Init                               0x0800193b   Thumb Code   210  stm32f10x_usart.o(.text)
    USART_StructInit                         0x08001a0d   Thumb Code    24  stm32f10x_usart.o(.text)
    USART_ClockInit                          0x08001a25   Thumb Code    34  stm32f10x_usart.o(.text)
    USART_ClockStructInit                    0x08001a47   Thumb Code    12  stm32f10x_usart.o(.text)
    USART_Cmd                                0x08001a53   Thumb Code    24  stm32f10x_usart.o(.text)
    USART_ITConfig                           0x08001a6b   Thumb Code    74  stm32f10x_usart.o(.text)
    USART_DMACmd                             0x08001ab5   Thumb Code    18  stm32f10x_usart.o(.text)
    USART_SetAddress                         0x08001ac7   Thumb Code    18  stm32f10x_usart.o(.text)
    USART_WakeUpConfig                       0x08001ad9   Thumb Code    18  stm32f10x_usart.o(.text)
    USART_ReceiverWakeUpCmd                  0x08001aeb   Thumb Code    24  stm32f10x_usart.o(.text)
    USART_LINBreakDetectLengthConfig         0x08001b03   Thumb Code    18  stm32f10x_usart.o(.text)
    USART_LINCmd                             0x08001b15   Thumb Code    24  stm32f10x_usart.o(.text)
    USART_SendData                           0x08001b2d   Thumb Code     8  stm32f10x_usart.o(.text)
    USART_ReceiveData                        0x08001b35   Thumb Code    10  stm32f10x_usart.o(.text)
    USART_SendBreak                          0x08001b3f   Thumb Code    10  stm32f10x_usart.o(.text)
    USART_SetGuardTime                       0x08001b49   Thumb Code    16  stm32f10x_usart.o(.text)
    USART_SetPrescaler                       0x08001b59   Thumb Code    16  stm32f10x_usart.o(.text)
    USART_SmartCardCmd                       0x08001b69   Thumb Code    24  stm32f10x_usart.o(.text)
    USART_SmartCardNACKCmd                   0x08001b81   Thumb Code    24  stm32f10x_usart.o(.text)
    USART_HalfDuplexCmd                      0x08001b99   Thumb Code    24  stm32f10x_usart.o(.text)
    USART_OverSampling8Cmd                   0x08001bb1   Thumb Code    22  stm32f10x_usart.o(.text)
    USART_OneBitMethodCmd                    0x08001bc7   Thumb Code    24  stm32f10x_usart.o(.text)
    USART_IrDAConfig                         0x08001bdf   Thumb Code    18  stm32f10x_usart.o(.text)
    USART_IrDACmd                            0x08001bf1   Thumb Code    24  stm32f10x_usart.o(.text)
    USART_GetFlagStatus                      0x08001c09   Thumb Code    26  stm32f10x_usart.o(.text)
    USART_ClearFlag                          0x08001c23   Thumb Code    18  stm32f10x_usart.o(.text)
    USART_GetITStatus                        0x08001c35   Thumb Code    84  stm32f10x_usart.o(.text)
    USART_ClearITPendingBit                  0x08001c89   Thumb Code    52  stm32f10x_usart.o(.text)
    NVIC_PriorityGroupConfig                 0x08001cbd   Thumb Code    10  misc.o(.text)
    NVIC_Init                                0x08001cc7   Thumb Code   100  misc.o(.text)
    NVIC_SetVectorTable                      0x08001d2b   Thumb Code    14  misc.o(.text)
    NVIC_SystemLPConfig                      0x08001d39   Thumb Code    34  misc.o(.text)
    SysTick_CLKSourceConfig                  0x08001d5b   Thumb Code    40  misc.o(.text)
    FLASH_SetLatency                         0x08001d99   Thumb Code    18  stm32f10x_flash.o(.text)
    FLASH_HalfCycleAccessCmd                 0x08001dab   Thumb Code    22  stm32f10x_flash.o(.text)
    FLASH_PrefetchBufferCmd                  0x08001dc1   Thumb Code    22  stm32f10x_flash.o(.text)
    FLASH_Unlock                             0x08001dd7   Thumb Code    12  stm32f10x_flash.o(.text)
    FLASH_UnlockBank1                        0x08001de3   Thumb Code    12  stm32f10x_flash.o(.text)
    FLASH_Lock                               0x08001def   Thumb Code    14  stm32f10x_flash.o(.text)
    FLASH_LockBank1                          0x08001dfd   Thumb Code    14  stm32f10x_flash.o(.text)
    FLASH_GetBank1Status                     0x08001e0b   Thumb Code    48  stm32f10x_flash.o(.text)
    FLASH_WaitForLastOperation               0x08001e3b   Thumb Code    38  stm32f10x_flash.o(.text)
    FLASH_ErasePage                          0x08001e61   Thumb Code    72  stm32f10x_flash.o(.text)
    FLASH_EraseAllPages                      0x08001ea9   Thumb Code    68  stm32f10x_flash.o(.text)
    FLASH_WaitForLastBank1Operation          0x08001eed   Thumb Code    38  stm32f10x_flash.o(.text)
    FLASH_EraseAllBank1Pages                 0x08001f13   Thumb Code    68  stm32f10x_flash.o(.text)
    FLASH_GetReadOutProtectionStatus         0x08001f57   Thumb Code    20  stm32f10x_flash.o(.text)
    FLASH_EraseOptionBytes                   0x08001f6b   Thumb Code   150  stm32f10x_flash.o(.text)
    FLASH_ProgramWord                        0x08002001   Thumb Code   102  stm32f10x_flash.o(.text)
    FLASH_ProgramHalfWord                    0x08002067   Thumb Code    60  stm32f10x_flash.o(.text)
    FLASH_ProgramOptionByteData              0x080020a3   Thumb Code    72  stm32f10x_flash.o(.text)
    FLASH_EnableWriteProtection              0x080020eb   Thumb Code   200  stm32f10x_flash.o(.text)
    FLASH_ReadOutProtection                  0x080021b3   Thumb Code   156  stm32f10x_flash.o(.text)
    FLASH_UserOptionByteConfig               0x0800224f   Thumb Code    88  stm32f10x_flash.o(.text)
    FLASH_GetUserOptionByte                  0x080022a7   Thumb Code     8  stm32f10x_flash.o(.text)
    FLASH_GetWriteProtectionOptionByte       0x080022af   Thumb Code     6  stm32f10x_flash.o(.text)
    FLASH_GetPrefetchBufferStatus            0x080022b5   Thumb Code    20  stm32f10x_flash.o(.text)
    FLASH_ITConfig                           0x080022c9   Thumb Code    26  stm32f10x_flash.o(.text)
    FLASH_GetFlagStatus                      0x080022e3   Thumb Code    42  stm32f10x_flash.o(.text)
    FLASH_ClearFlag                          0x0800230d   Thumb Code     6  stm32f10x_flash.o(.text)
    FLASH_GetStatus                          0x08002313   Thumb Code    48  stm32f10x_flash.o(.text)
    __scatterload                            0x08002355   Thumb Code    28  init.o(.text)
    __scatterload_rt2                        0x08002355   Thumb Code     0  init.o(.text)
    __scatterload_copy                       0x08002379   Thumb Code    14  handlers.o(i.__scatterload_copy)
    __scatterload_null                       0x08002387   Thumb Code     2  handlers.o(i.__scatterload_null)
    __scatterload_zeroinit                   0x08002389   Thumb Code    14  handlers.o(i.__scatterload_zeroinit)
    Region$$Table$$Base                      0x08002398   Number         0  anon$$obj.o(Region$$Table)
    Region$$Table$$Limit                     0x080023b8   Number         0  anon$$obj.o(Region$$Table)
    SystemCoreClock                          0x20000000   Data           4  system_stm32f10x.o(.data)
    AHBPrescTable                            0x20000004   Data          16  system_stm32f10x.o(.data)
    g_HaveUSARTConfigured                    0x20000014   Data           6  g_usart.o(.data)
    g_USART1_ReceivedBuf                     0x2000001a   Data           1  g_usart.o(.data)
    readAddrNow                              0x2000001c   Data           1  rs_xx.o(.data)
    co2                                      0x2000001e   Data           2  rs_xx.o(.data)
    sd                                       0x20000020   Data           2  rs_xx.o(.data)
    wd                                       0x20000022   Data           2  rs_xx.o(.data)
    qy                                       0x20000024   Data           2  rs_xx.o(.data)
    gzd                                      0x20000026   Data           2  rs_xx.o(.data)
    soil_sf                                  0x20000028   Data           2  rs_xx.o(.data)
    soil_wd                                  0x2000002a   Data           2  rs_xx.o(.data)
    soil_ddl                                 0x2000002c   Data           2  rs_xx.o(.data)
    ytmp1                                    0x2000002e   Data           2  rs_xx.o(.data)
    ytmp2                                    0x20000030   Data           2  rs_xx.o(.data)
    get                                      0x20000032   Data           8  rs_xx.o(.data)
    get_sent_flag                            0x2000003a   Data           1  rs_xx.o(.data)
    set_mode                                 0x2000003b   Data           1  rs_xx.o(.data)
    flash_index                              0x20000054   Data           2  stmflash.o(.data)
    base_id                                  0x20000056   Data           2  stmflash.o(.data)
    dtu_id                                   0x20000058   Data           2  stmflash.o(.data)
    RS_CO2_Buff                              0x20000074   Data          10  rs_xx.o(.bss)
    RS_QY_Buff                               0x2000007e   Data          10  rs_xx.o(.bss)
    RS_GWS_Buff                              0x20000088   Data          10  rs_xx.o(.bss)
    RS_SOIL_Buff                             0x20000092   Data          10  rs_xx.o(.bss)
    RS_YTMP_Buff                             0x2000009c   Data          10  rs_xx.o(.bss)
    checkCrcBuff                             0x200000a6   Data         260  rs_xx.o(.bss)
    send                                     0x200001aa   Data          24  rs_xx.o(.bss)
    buf1                                     0x200001c2   Data         100  rs_xx.o(.bss)
    STMFLASH_BUF                             0x20000226   Data        2048  stmflash.o(.bss)
    __initial_sp                             0x20000e28   Data           0  startup_stm32f10x_hd.o(STACK)



==============================================================================

Memory Map of the image

  Image Entry point : 0x08000131

  Load Region LR_IROM1 (Base: 0x08000000, Size: 0x0000242c, Max: 0x00040000, ABSOLUTE)

    Execution Region ER_IROM1 (Exec base: 0x08000000, Load base: 0x08000000, Size: 0x000023b8, Max: 0x00040000, ABSOLUTE)

    Exec Addr    Load Addr    Size         Type   Attr      Idx    E Section Name        Object

    0x08000000   0x08000000   0x00000130   Data   RO          429    RESET               startup_stm32f10x_hd.o
    0x08000130   0x08000130   0x00000000   Code   RO          496  * .ARM.Collect$$$$00000000  mc_w.l(entry.o)
    0x08000130   0x08000130   0x00000004   Code   RO          499    .ARM.Collect$$$$00000001  mc_w.l(entry2.o)
    0x08000134   0x08000134   0x00000004   Code   RO          502    .ARM.Collect$$$$00000004  mc_w.l(entry5.o)
    0x08000138   0x08000138   0x00000000   Code   RO          504    .ARM.Collect$$$$00000008  mc_w.l(entry7b.o)
    0x08000138   0x08000138   0x00000000   Code   RO          506    .ARM.Collect$$$$0000000A  mc_w.l(entry8b.o)
    0x08000138   0x08000138   0x00000008   Code   RO          507    .ARM.Collect$$$$0000000B  mc_w.l(entry9a.o)
    0x08000140   0x08000140   0x00000000   Code   RO          509    .ARM.Collect$$$$0000000D  mc_w.l(entry10a.o)
    0x08000140   0x08000140   0x00000000   Code   RO          511    .ARM.Collect$$$$0000000F  mc_w.l(entry11a.o)
    0x08000140   0x08000140   0x00000004   Code   RO          500    .ARM.Collect$$$$00002712  mc_w.l(entry2.o)
    0x08000144   0x08000144   0x0000017c   Code   RO            1    .text               main.o
    0x080002c0   0x080002c0   0x0000001a   Code   RO          142    .text               stm32f10x_it.o
    0x080002da   0x080002da   0x00000002   PAD
    0x080002dc   0x080002dc   0x000001e0   Code   RO          240    .text               system_stm32f10x.o
    0x080004bc   0x080004bc   0x00000080   Code   RO          258    .text               g_485.o
    0x0800053c   0x0800053c   0x00000208   Code   RO          312    .text               g_usart.o
    0x08000744   0x08000744   0x000006bc   Code   RO          334    .text               rs_xx.o
    0x08000e00   0x08000e00   0x00000090   Code   RO          354    .text               gpio.o
    0x08000e90   0x08000e90   0x0000022c   Code   RO          369    .text               stmflash.o
    0x080010bc   0x080010bc   0x000000d4   Code   RO          386    .text               delay.o
    0x08001190   0x08001190   0x00000024   Code   RO          430    .text               startup_stm32f10x_hd.o
    0x080011b4   0x080011b4   0x0000035c   Code   RO          434    .text               stm32f10x_gpio.o
    0x08001510   0x08001510   0x000003a4   Code   RO          446    .text               stm32f10x_rcc.o
    0x080018b4   0x080018b4   0x00000408   Code   RO          460    .text               stm32f10x_usart.o
    0x08001cbc   0x08001cbc   0x000000dc   Code   RO          472    .text               misc.o
    0x08001d98   0x08001d98   0x000005bc   Code   RO          484    .text               stm32f10x_flash.o
    0x08002354   0x08002354   0x00000024   Code   RO          513    .text               mc_w.l(init.o)
    0x08002378   0x08002378   0x0000000e   Code   RO          517    i.__scatterload_copy  mc_w.l(handlers.o)
    0x08002386   0x08002386   0x00000002   Code   RO          518    i.__scatterload_null  mc_w.l(handlers.o)
    0x08002388   0x08002388   0x0000000e   Code   RO          519    i.__scatterload_zeroinit  mc_w.l(handlers.o)
    0x08002396   0x08002396   0x00000002   PAD
    0x08002398   0x08002398   0x00000020   Data   RO          515    Region$$Table       anon$$obj.o


    Execution Region RW_IRAM1 (Exec base: 0x20000000, Load base: 0x080023b8, Size: 0x00000e28, Max: 0x0000c000, ABSOLUTE)

    Exec Addr    Load Addr    Size         Type   Attr      Idx    E Section Name        Object

    0x20000000   0x080023b8   0x00000014   Data   RW          241    .data               system_stm32f10x.o
    0x20000014   0x080023cc   0x00000007   Data   RW          313    .data               g_usart.o
    0x2000001b   0x080023d3   0x00000001   PAD
    0x2000001c   0x080023d4   0x00000038   Data   RW          336    .data               rs_xx.o
    0x20000054   0x0800240c   0x00000006   Data   RW          371    .data               stmflash.o
    0x2000005a   0x08002412   0x00000004   Data   RW          387    .data               delay.o
    0x2000005e   0x08002416   0x00000014   Data   RW          447    .data               stm32f10x_rcc.o
    0x20000072   0x0800242a   0x00000002   PAD
    0x20000074        -       0x000001b2   Zero   RW          335    .bss                rs_xx.o
    0x20000226        -       0x00000800   Zero   RW          370    .bss                stmflash.o
    0x20000a26   0x0800242a   0x00000002   PAD
    0x20000a28        -       0x00000400   Zero   RW          427    STACK               startup_stm32f10x_hd.o


==============================================================================

Image component sizes


      Code (inc. data)   RO Data    RW Data    ZI Data      Debug   Object Name

       212         18          0          4          0       1027   delay.o
       128         12          0          0          0     205850   g_485.o
       520         34          0          7          0       2084   g_usart.o
       144         12          0          0          0        524   gpio.o
       380         62          0          0          0     226274   main.o
       220         22          0          0          0       1785   misc.o
      1724        172          0         56        434       7026   rs_xx.o
        36          8        304          0       1024        776   startup_stm32f10x_hd.o
      1468         34          0          0          0       8194   stm32f10x_flash.o
       860         38          0          0          0       5717   stm32f10x_gpio.o
        26          0          0          0          0      30650   stm32f10x_it.o
       932         36          0         20          0       8888   stm32f10x_rcc.o
      1032         22          0          0          0       8444   stm32f10x_usart.o
       556         30          0          6       2048       3403   stmflash.o
         0          0          0          0          0         32   sys.o
       480         38          0         20          0       1719   system_stm32f10x.o

    ----------------------------------------------------------------------
      8720        538        336        116       3508     512393   Object Totals
         0          0         32          0          0          0   (incl. Generated)
         2          0          0          3          2          0   (incl. Padding)

    ----------------------------------------------------------------------

      Code (inc. data)   RO Data    RW Data    ZI Data      Debug   Library Member Name

         0          0          0          0          0          0   entry.o
         0          0          0          0          0          0   entry10a.o
         0          0          0          0          0          0   entry11a.o
         8          4          0          0          0          0   entry2.o
         4          0          0          0          0          0   entry5.o
         0          0          0          0          0          0   entry7b.o
         0          0          0          0          0          0   entry8b.o
         8          4          0          0          0          0   entry9a.o
        30          0          0          0          0          0   handlers.o
        36          8          0          0          0         68   init.o

    ----------------------------------------------------------------------
        88         16          0          0          0         68   Library Totals
         2          0          0          0          0          0   (incl. Padding)

    ----------------------------------------------------------------------

      Code (inc. data)   RO Data    RW Data    ZI Data      Debug   Library Name

        86         16          0          0          0         68   mc_w.l

    ----------------------------------------------------------------------
        88         16          0          0          0         68   Library Totals

    ----------------------------------------------------------------------

==============================================================================


      Code (inc. data)   RO Data    RW Data    ZI Data      Debug   

      8808        554        336        116       3508     511521   Grand Totals
      8808        554        336        116       3508     511521   ELF Image Totals
      8808        554        336        116          0          0   ROM Totals

==============================================================================

    Total RO  Size (Code + RO Data)                 9144 (   8.93kB)
    Total RW  Size (RW Data + ZI Data)              3624 (   3.54kB)
    Total ROM Size (Code + RO Data + RW Data)       9260 (   9.04kB)

==============================================================================

